// Jest Snapshot v1, https://goo.gl/fbAQLP

exports[`Gilded Rose Approval should foo 1`] = `
[
  Item {
    "name": "foo",
    "quality": 0,
    "sellIn": -1,
  },
]
`;
